// Jest Snapshot v1, https://goo.gl/fbAQLP

exports[`renders login page 1`] = `
Object {
  "asFragment": [Function],
  "baseElement": <body>
    <div>
      <div />
      <div
        class="login-container"
      >
        <h1
          class="center"
        >
          Employee Polls
        </h1>
        <div
          class="login-image-container"
        >
          <img
            alt="employee-poll"
            border="0"
            src="https://i.ibb.co/f8vfTmB/employee-poll.jpg"
          />
        </div>
        <h3
          class="center"
        >
          Log In
        </h3>
        <div
          class="login-form"
        >
          <form>
            <label>
              User
            </label>
            <select
              class="input-text"
              data-testid="username"
              id="username"
              name="username"
            >
              <option
                name="username"
              >
                Select a User
              </option>
              <option
                value="sarahedo"
              >
                sarahedo
              </option>
              <option
                value="tylermcginnis"
              >
                tylermcginnis
              </option>
              <option
                value="mtsamis"
              >
                mtsamis
              </option>
              <option
                value="zoshikanlu"
              >
                zoshikanlu
              </option>
            </select>
            <label>
              Password
            </label>
            <input
              class="input-text"
              data-testid="password"
              name="password"
              type="text"
              value=""
            />
            <label />
            <center>
              <button
                class="login-button"
                data-testid="submit-button"
              >
                Submit
              </button>
            </center>
          </form>
        </div>
      </div>
    </div>
  </body>,
  "container": <div>
    <div />
    <div
      class="login-container"
    >
      <h1
        class="center"
      >
        Employee Polls
      </h1>
      <div
        class="login-image-container"
      >
        <img
          alt="employee-poll"
          border="0"
          src="https://i.ibb.co/f8vfTmB/employee-poll.jpg"
        />
      </div>
      <h3
        class="center"
      >
        Log In
      </h3>
      <div
        class="login-form"
      >
        <form>
          <label>
            User
          </label>
          <select
            class="input-text"
            data-testid="username"
            id="username"
            name="username"
          >
            <option
              name="username"
            >
              Select a User
            </option>
            <option
              value="sarahedo"
            >
              sarahedo
            </option>
            <option
              value="tylermcginnis"
            >
              tylermcginnis
            </option>
            <option
              value="mtsamis"
            >
              mtsamis
            </option>
            <option
              value="zoshikanlu"
            >
              zoshikanlu
            </option>
          </select>
          <label>
            Password
          </label>
          <input
            class="input-text"
            data-testid="password"
            name="password"
            type="text"
            value=""
          />
          <label />
          <center>
            <button
              class="login-button"
              data-testid="submit-button"
            >
              Submit
            </button>
          </center>
        </form>
      </div>
    </div>
  </div>,
  "debug": [Function],
  "findAllByAltText": [Function],
  "findAllByDisplayValue": [Function],
  "findAllByLabelText": [Function],
  "findAllByPlaceholderText": [Function],
  "findAllByRole": [Function],
  "findAllByTestId": [Function],
  "findAllByText": [Function],
  "findAllByTitle": [Function],
  "findByAltText": [Function],
  "findByDisplayValue": [Function],
  "findByLabelText": [Function],
  "findByPlaceholderText": [Function],
  "findByRole": [Function],
  "findByTestId": [Function],
  "findByText": [Function],
  "findByTitle": [Function],
  "getAllByAltText": [Function],
  "getAllByDisplayValue": [Function],
  "getAllByLabelText": [Function],
  "getAllByPlaceholderText": [Function],
  "getAllByRole": [Function],
  "getAllByTestId": [Function],
  "getAllByText": [Function],
  "getAllByTitle": [Function],
  "getByAltText": [Function],
  "getByDisplayValue": [Function],
  "getByLabelText": [Function],
  "getByPlaceholderText": [Function],
  "getByRole": [Function],
  "getByTestId": [Function],
  "getByText": [Function],
  "getByTitle": [Function],
  "queryAllByAltText": [Function],
  "queryAllByDisplayValue": [Function],
  "queryAllByLabelText": [Function],
  "queryAllByPlaceholderText": [Function],
  "queryAllByRole": [Function],
  "queryAllByTestId": [Function],
  "queryAllByText": [Function],
  "queryAllByTitle": [Function],
  "queryByAltText": [Function],
  "queryByDisplayValue": [Function],
  "queryByLabelText": [Function],
  "queryByPlaceholderText": [Function],
  "queryByRole": [Function],
  "queryByTestId": [Function],
  "queryByText": [Function],
  "queryByTitle": [Function],
  "rerender": [Function],
  "unmount": [Function],
}
`;
